[menaalex@r2v02 fractal]$ cat output.txt

Script started on Mon Dec 2 17:07:00 2024

[menaalex@r2v02 fractal]$ srun ./cudaFractal 640 400 10 20
Fractal v1.6 [CUDA]

Computing 10 frames of 640 by 400 fractal

CUDA compute time: 0.0037 s

[menaalex@r2v02 fractal]$ srun ./cudaFractal 640 400 30 20
Fractal v1.6 [CUDA]

Computing 30 frames of 640 by 400 fractal

CUDA compute time: 0.0090 s

[menaalex@r2v02 fractal]$ srun ./cudaFractal 640 400 60 20
Fractal v1.6 [CUDA]

Computing 60 frames of 640 by 400 fractal

CUDA compute time: 0.0166 s

[menaalex@r2v02 fractal]$ srun ./cudaFractal 640 400 60 40
Fractal v1.6 [CUDA]

Computing 60 frames of 640 by 400 fractal

CUDA compute time: 0.0165 s

[menaalex@r2v02 fractal]$ 1024 768 32

sh: 1024: command not found

[menaalex@r2v02 fractal]$ srun ./cudaFractal 1024 768 32 20
Fractal v1.6 [CUDA]

Computing 32 frames of 1024 by 768 fractal

CUDA compute time: 0.0274 s

[menaalex@r2v02 fractal]$ srun ./cudaFractal 1024 768 62 20
Fractal v1.6 [CUDA]

Computing 62 frames of 1024 by 768 fractal

CUDA compute time: 0.0511 s

[menaalex@r2v02 fractal]$ srun ./cudaFractal 1444 800 32 20
Fractal v1.6 [CUDA]

Computing 32 frames of 1444 by 800 fractal

CUDA compute time: 0.0394 s

[menaalex@r2v02 fractal]$ srun ./cudaFractal 1444 800 64 20
Fractal v1.6 [CUDA]

Computing 64 frames of 1444 by 800 fractal

CUDA compute time: 0.0769 s

[menaalex@r2v02 fractal]$ srun ./cudaFractal 1800 100 32 20
Fractal v1.6 [CUDA]

Computing 32 frames of 1800 by 100 fractal

CUDA compute time: 0.0078 s

[menaalex@r2v02 fractal]$ srun ./cudaFractal 1800 100 64 20

Computing 60 frames of 640 by 400 fractal

CUDA compute time: 0.0165 s

[menaalex@r2v02 fractal]$ 1024 768 32

sh: 1024: command not found

[menaalex@r2v02 fractal]$ srun ./cudaFractal 1024 768 32 20
Fractal v1.6 [CUDA]

Computing 32 frames of 1024 by 768 fractal

CUDA compute time: 0.0274 s

[menaalex@r2v02 fractal]$ srun ./cudaFractal 1024 768 62 20
Fractal v1.6 [CUDA]

Computing 62 frames of 1024 by 768 fractal

CUDA compute time: 0.0511 s

[menaalex@r2v02 fractal]$ srun ./cudaFractal 1444 800 32 20
Fractal v1.6 [CUDA]

Computing 32 frames of 1444 by 800 fractal

CUDA compute time: 0.0394 s

[menaalex@r2v02 fractal]$ srun ./cudaFractal 1444 800 64 20
Fractal v1.6 [CUDA]

Computing 64 frames of 1444 by 800 fractal

CUDA compute time: 0.0769 s

[menaalex@r2v02 fractal]$ srun ./cudaFractal 1800 100 32 20
Fractal v1.6 [CUDA]

Computing 32 frames of 1800 by 100 fractal

CUDA compute time: 0.0078 s

[menaalex@r2v02 fractal]$ srun ./cudaFractal 1800 100 64 20
Fractal v1.6 [CUDA]

Computing 64 frames of 1800 by 100 fractal

CUDA compute time: 0.0130 s

[menaalex@r2v02 fractal]$ 2400 120 32 20

sh: 2400: command not found

[menaalex@r2v02 fractal]$ srun ./cudaFractal 2400 120 32 20
Fractal v1.6 [CUDA]

Computing 32 frames of 2400 by 120 fractal

CUDA compute time: 0.0110 s

[menaalex@r2v02 fractal]$ srun ./cudaFractal 3600 200 32 20
